2026-09-27 16:23:22.603 [main] INFO  i.u.e.EaProjectApplication - Starting EaProjectApplication using Java 26.0.2 with PID 4921 (/home/lucoilbasso/Documenti/Unical/EnterPrise/untitled_ea_project/ea-project/target/classes started by lucoilbasso in /home/lucoilbasso/Documenti/Unical/EnterPrise/untitled_ea_project)
2026-09-27 16:23:22.629 [main] DEBUG i.u.e.EaProjectApplication - Running with Spring Boot v4.1.0, Spring v7.0.8
2026-09-27 16:23:22.630 [main] INFO  i.u.e.EaProjectApplication - No active profile set, falling back to 1 default profile: "default"
2026-09-27 16:23:23.287 [main] INFO  o.s.d.r.c.RepositoryConfigurationDelegate - Bootstrapping Spring Data JPA repositories in DEFAULT mode.
2026-09-27 16:23:23.351 [main] INFO  o.s.d.r.c.RepositoryConfigurationDelegate - Finished Spring Data repository scanning in 56 ms. Found 14 JPA repository interfaces.
2026-09-27 16:23:23.693 [main] INFO  o.s.b.t.TomcatWebServer - Tomcat initialized with port 8080 (http)
2026-09-27 16:23:23.704 [main] INFO  o.a.c.h.Http11NioProtocol - Initializing ProtocolHandler ["http-nio-8080"]
2026-09-27 16:23:23.705 [main] INFO  o.a.c.c.StandardService - Starting service [Tomcat]
2026-09-27 16:23:23.706 [main] INFO  o.a.c.c.StandardEngine - Starting Servlet engine: [Apache Tomcat/11.0.22]
2026-09-27 16:23:23.734 [main] INFO  o.s.b.w.c.s.WebApplicationContextInitializer - Root WebApplicationContext: initialization completed in 1063 ms
2026-09-27 16:23:23.922 [main] INFO  o.h.o.jpa - HHH008540: Processing PersistenceUnitInfo [name: default]
2026-09-27 16:23:23.972 [main] INFO  o.h.o.core - HHH000001: Hibernate ORM core version 7.4.1.Final
2026-09-27 16:23:24.230 [main] INFO  o.s.o.j.p.SpringPersistenceUnitInfo - No LoadTimeWeaver setup: ignoring JPA class transformer
2026-09-27 16:23:24.257 [main] INFO  c.z.h.HikariDataSource - HikariPool-1 - Starting...
2026-09-27 16:23:24.318 [main] INFO  c.z.h.p.HikariPool - HikariPool-1 - Added connection org.postgresql.jdbc.PgConnection@6dde1bf5
2026-09-27 16:23:24.319 [main] INFO  c.z.h.HikariDataSource - HikariPool-1 - Start completed.
2026-09-27 16:23:24.362 [main] INFO  o.h.o.c.pooling - HHH10001005: Database info:
	Database JDBC URL [jdbc:postgresql://localhost:5432/eaproject_db]
	Database driver: PostgreSQL JDBC Driver
	Database dialect: PostgreSQLDialect
	Database version: 18.6
	Default catalog/schema: eaproject_db/public
	Autocommit mode: undefined/unknown
	Isolation level: READ_COMMITTED [default READ_COMMITTED]
	JDBC fetch size: none
	Pool: DataSourceConnectionProvider
	Minimum pool size: undefined/unknown
	Maximum pool size: undefined/unknown
2026-09-27 16:23:24.960 [main] INFO  o.h.o.core - HHH000489: No JTA platform available (set 'hibernate.transaction.jta.platform' to enable JTA platform integration)
2026-09-27 16:23:25.013 [main] INFO  o.s.o.j.LocalContainerEntityManagerFactoryBean - Initialized JPA EntityManagerFactory for persistence unit 'default'
2026-09-27 16:23:25.049 [main] INFO  o.s.d.j.r.q.QueryEnhancerFactories - Hibernate is in classpath; If applicable, HQL parser will be used.
2026-09-27 16:23:26.315 [main] WARN  o.s.b.s.a.UserDetailsServiceAutoConfiguration - 

Using generated security password: d2aef95c-4bfa-4a67-9105-f75c5a54f3f2

This generated password is for development use only. Your security configuration must be updated before running your application in production.

2026-09-27 16:23:26.321 [main] INFO  o.s.s.c.a.a.c.InitializeUserDetailsBeanManagerConfigurer$InitializeUserDetailsManagerConfigurer - Global AuthenticationManager configured with UserDetailsService bean with name inMemoryUserDetailsManager
2026-09-27 16:23:26.584 [main] INFO  o.a.c.h.Http11NioProtocol - Starting ProtocolHandler ["http-nio-8080"]
2026-09-27 16:23:26.593 [main] INFO  o.s.b.t.TomcatWebServer - Tomcat started on port 8080 (http) with context path '/'
2026-09-27 16:23:26.596 [main] INFO  i.u.e.EaProjectApplication - Started EaProjectApplication in 4.327 seconds (process running for 5.124)
2026-09-27 16:23:27.362 [http-nio-8080-exec-1] INFO  o.a.c.c.C.[.[.[/] - Initializing Spring DispatcherServlet 'dispatcherServlet'
2026-09-27 16:23:27.363 [http-nio-8080-exec-1] INFO  o.s.w.s.DispatcherServlet - Initializing Servlet 'dispatcherServlet'
2026-09-27 16:23:27.364 [http-nio-8080-exec-1] INFO  o.s.w.s.DispatcherServlet - Completed initialization in 1 ms
2026-09-27 16:28:27.275 [SpringApplicationShutdownHook] INFO  o.s.b.t.GracefulShutdown - Commencing graceful shutdown. Waiting for active requests to complete
2026-09-27 16:28:27.277 [tomcat-shutdown] INFO  o.s.b.t.GracefulShutdown - Graceful shutdown complete
2026-09-27 16:28:27.280 [SpringApplicationShutdownHook] INFO  o.s.o.j.LocalContainerEntityManagerFactoryBean - Closing JPA EntityManagerFactory for persistence unit 'default'
2026-09-27 16:28:27.282 [SpringApplicationShutdownHook] INFO  c.z.h.HikariDataSource - HikariPool-1 - Shutdown initiated...
2026-09-27 16:28:27.283 [SpringApplicationShutdownHook] INFO  c.z.h.HikariDataSource - HikariPool-1 - Shutdown completed.
2026-09-27 16:34:14.082 [main] INFO  i.u.e.EaProjectApplication - Starting EaProjectApplication using Java 26.0.2 with PID 8587 (/home/lucoilbasso/Documenti/Unical/EnterPrise/untitled_ea_project/ea-project/target/classes started by lucoilbasso in /home/lucoilbasso/Documenti/Unical/EnterPrise/untitled_ea_project)
2026-09-27 16:34:14.086 [main] DEBUG i.u.e.EaProjectApplication - Running with Spring Boot v4.1.0, Spring v7.0.8
2026-09-27 16:34:14.086 [main] INFO  i.u.e.EaProjectApplication - No active profile set, falling back to 1 default profile: "default"
2026-09-27 16:34:14.691 [main] INFO  o.s.d.r.c.RepositoryConfigurationDelegate - Bootstrapping Spring Data JPA repositories in DEFAULT mode.
2026-09-27 16:34:14.772 [main] INFO  o.s.d.r.c.RepositoryConfigurationDelegate - Finished Spring Data repository scanning in 74 ms. Found 14 JPA repository interfaces.
2026-09-27 16:34:15.164 [main] INFO  o.s.b.t.TomcatWebServer - Tomcat initialized with port 8080 (http)
2026-09-27 16:34:15.176 [main] INFO  o.a.c.h.Http11NioProtocol - Initializing ProtocolHandler ["http-nio-8080"]
2026-09-27 16:34:15.177 [main] INFO  o.a.c.c.StandardService - Starting service [Tomcat]
2026-09-27 16:34:15.178 [main] INFO  o.a.c.c.StandardEngine - Starting Servlet engine: [Apache Tomcat/11.0.22]
2026-09-27 16:34:15.209 [main] INFO  o.s.b.w.c.s.WebApplicationContextInitializer - Root WebApplicationContext: initialization completed in 1092 ms
2026-09-27 16:34:15.341 [main] INFO  o.h.o.jpa - HHH008540: Processing PersistenceUnitInfo [name: default]
2026-09-27 16:34:15.373 [main] INFO  o.h.o.core - HHH000001: Hibernate ORM core version 7.4.1.Final
2026-09-27 16:34:15.655 [main] INFO  o.s.o.j.p.SpringPersistenceUnitInfo - No LoadTimeWeaver setup: ignoring JPA class transformer
2026-09-27 16:34:15.678 [main] INFO  c.z.h.HikariDataSource - HikariPool-1 - Starting...
2026-09-27 16:34:15.730 [main] INFO  c.z.h.p.HikariPool - HikariPool-1 - Added connection org.postgresql.jdbc.PgConnection@5c9e3d01
2026-09-27 16:34:15.730 [main] INFO  c.z.h.HikariDataSource - HikariPool-1 - Start completed.
2026-09-27 16:34:15.773 [main] INFO  o.h.o.c.pooling - HHH10001005: Database info:
	Database JDBC URL [jdbc:postgresql://localhost:5432/eaproject_db]
	Database driver: PostgreSQL JDBC Driver
	Database dialect: PostgreSQLDialect
	Database version: 18.6
	Default catalog/schema: eaproject_db/public
	Autocommit mode: undefined/unknown
	Isolation level: READ_COMMITTED [default READ_COMMITTED]
	JDBC fetch size: none
	Pool: DataSourceConnectionProvider
	Minimum pool size: undefined/unknown
	Maximum pool size: undefined/unknown
2026-09-27 16:34:16.500 [main] INFO  o.h.o.core - HHH000489: No JTA platform available (set 'hibernate.transaction.jta.platform' to enable JTA platform integration)
2026-09-27 16:34:16.547 [main] INFO  o.s.o.j.LocalContainerEntityManagerFactoryBean - Initialized JPA EntityManagerFactory for persistence unit 'default'
2026-09-27 16:34:16.586 [main] INFO  o.s.d.j.r.q.QueryEnhancerFactories - Hibernate is in classpath; If applicable, HQL parser will be used.
2026-09-27 16:34:17.653 [main] WARN  o.s.b.s.a.UserDetailsServiceAutoConfiguration - 

Using generated security password: 4d6ba237-19ad-44de-b67f-81c0183ba8d2

This generated password is for development use only. Your security configuration must be updated before running your application in production.

2026-09-27 16:34:17.659 [main] INFO  o.s.s.c.a.a.c.InitializeUserDetailsBeanManagerConfigurer$InitializeUserDetailsManagerConfigurer - Global AuthenticationManager configured with UserDetailsService bean with name inMemoryUserDetailsManager
2026-09-27 16:34:17.941 [main] INFO  o.a.c.h.Http11NioProtocol - Starting ProtocolHandler ["http-nio-8080"]
2026-09-27 16:34:17.950 [main] INFO  o.s.b.t.TomcatWebServer - Tomcat started on port 8080 (http) with context path '/'
2026-09-27 16:34:17.954 [main] INFO  i.u.e.EaProjectApplication - Started EaProjectApplication in 4.055 seconds (process running for 4.668)
2026-09-27 16:34:18.371 [http-nio-8080-exec-1] INFO  o.a.c.c.C.[.[.[/] - Initializing Spring DispatcherServlet 'dispatcherServlet'
2026-09-27 16:34:18.371 [http-nio-8080-exec-1] INFO  o.s.w.s.DispatcherServlet - Initializing Servlet 'dispatcherServlet'
2026-09-27 16:34:18.372 [http-nio-8080-exec-1] INFO  o.s.w.s.DispatcherServlet - Completed initialization in 1 ms
2026-09-27 16:41:17.484 [SpringApplicationShutdownHook] INFO  o.s.b.t.GracefulShutdown - Commencing graceful shutdown. Waiting for active requests to complete
2026-09-27 16:41:17.487 [tomcat-shutdown] INFO  o.s.b.t.GracefulShutdown - Graceful shutdown complete
2026-09-27 16:41:17.490 [SpringApplicationShutdownHook] INFO  o.s.o.j.LocalContainerEntityManagerFactoryBean - Closing JPA EntityManagerFactory for persistence unit 'default'
2026-09-27 16:41:17.491 [SpringApplicationShutdownHook] INFO  c.z.h.HikariDataSource - HikariPool-1 - Shutdown initiated...
2026-09-27 16:41:17.492 [SpringApplicationShutdownHook] INFO  c.z.h.HikariDataSource - HikariPool-1 - Shutdown completed.
2026-09-27 17:41:06.411 [main] INFO  i.u.e.EaProjectApplication - Starting EaProjectApplication using Java 26.0.2 with PID 13569 (/home/lucoilbasso/Documenti/Unical/EnterPrise/untitled_ea_project/ea-project/target/classes started by lucoilbasso in /home/lucoilbasso/Documenti/Unical/EnterPrise/untitled_ea_project)
2026-09-27 17:41:06.415 [main] DEBUG i.u.e.EaProjectApplication - Running with Spring Boot v4.1.0, Spring v7.0.8
2026-09-27 17:41:06.415 [main] INFO  i.u.e.EaProjectApplication - No active profile set, falling back to 1 default profile: "default"
2026-09-27 17:41:07.180 [main] INFO  o.s.d.r.c.RepositoryConfigurationDelegate - Bootstrapping Spring Data JPA repositories in DEFAULT mode.
2026-09-27 17:41:07.269 [main] INFO  o.s.d.r.c.RepositoryConfigurationDelegate - Finished Spring Data repository scanning in 82 ms. Found 14 JPA repository interfaces.
2026-09-27 17:41:07.687 [main] INFO  o.s.b.t.TomcatWebServer - Tomcat initialized with port 8080 (http)
2026-09-27 17:41:07.702 [main] INFO  o.a.c.h.Http11NioProtocol - Initializing ProtocolHandler ["http-nio-8080"]
2026-09-27 17:41:07.705 [main] INFO  o.a.c.c.StandardService - Starting service [Tomcat]
2026-09-27 17:41:07.705 [main] INFO  o.a.c.c.StandardEngine - Starting Servlet engine: [Apache Tomcat/11.0.22]
2026-09-27 17:41:07.732 [main] INFO  o.s.b.w.c.s.WebApplicationContextInitializer - Root WebApplicationContext: initialization completed in 1284 ms
2026-09-27 17:41:07.917 [main] INFO  o.h.o.jpa - HHH008540: Processing PersistenceUnitInfo [name: default]
2026-09-27 17:41:07.982 [main] INFO  o.h.o.core - HHH000001: Hibernate ORM core version 7.4.1.Final
2026-09-27 17:41:08.318 [main] INFO  o.s.o.j.p.SpringPersistenceUnitInfo - No LoadTimeWeaver setup: ignoring JPA class transformer
2026-09-27 17:41:08.339 [main] INFO  c.z.h.HikariDataSource - HikariPool-1 - Starting...
2026-09-27 17:41:08.393 [main] INFO  c.z.h.p.HikariPool - HikariPool-1 - Added connection org.postgresql.jdbc.PgConnection@5c9e3d01
2026-09-27 17:41:08.394 [main] INFO  c.z.h.HikariDataSource - HikariPool-1 - Start completed.
2026-09-27 17:41:08.444 [main] INFO  o.h.o.c.pooling - HHH10001005: Database info:
	Database JDBC URL [jdbc:postgresql://localhost:5432/eaproject_db]
	Database driver: PostgreSQL JDBC Driver
	Database dialect: PostgreSQLDialect
	Database version: 18.6
	Default catalog/schema: eaproject_db/public
	Autocommit mode: undefined/unknown
	Isolation level: READ_COMMITTED [default READ_COMMITTED]
	JDBC fetch size: none
	Pool: DataSourceConnectionProvider
	Minimum pool size: undefined/unknown
	Maximum pool size: undefined/unknown
2026-09-27 17:41:09.140 [main] INFO  o.h.o.core - HHH000489: No JTA platform available (set 'hibernate.transaction.jta.platform' to enable JTA platform integration)
2026-09-27 17:41:09.193 [main] INFO  o.s.o.j.LocalContainerEntityManagerFactoryBean - Initialized JPA EntityManagerFactory for persistence unit 'default'
2026-09-27 17:41:09.234 [main] INFO  o.s.d.j.r.q.QueryEnhancerFactories - Hibernate is in classpath; If applicable, HQL parser will be used.
2026-09-27 17:41:10.305 [main] WARN  o.s.b.s.a.UserDetailsServiceAutoConfiguration - 

Using generated security password: 3c577d75-680a-4c31-9935-b52aa82aeb13

This generated password is for development use only. Your security configuration must be updated before running your application in production.

2026-09-27 17:41:10.309 [main] INFO  o.s.s.c.a.a.c.InitializeUserDetailsBeanManagerConfigurer$InitializeUserDetailsManagerConfigurer - Global AuthenticationManager configured with UserDetailsService bean with name inMemoryUserDetailsManager
2026-09-27 17:41:10.509 [main] INFO  o.a.c.h.Http11NioProtocol - Starting ProtocolHandler ["http-nio-8080"]
2026-09-27 17:41:10.517 [main] INFO  o.s.b.t.TomcatWebServer - Tomcat started on port 8080 (http) with context path '/'
2026-09-27 17:41:10.520 [main] INFO  i.u.e.EaProjectApplication - Started EaProjectApplication in 4.329 seconds (process running for 4.947)
2026-09-27 17:41:11.505 [http-nio-8080-exec-1] INFO  o.a.c.c.C.[.[.[/] - Initializing Spring DispatcherServlet 'dispatcherServlet'
2026-09-27 17:41:11.505 [http-nio-8080-exec-1] INFO  o.s.w.s.DispatcherServlet - Initializing Servlet 'dispatcherServlet'
2026-09-27 17:41:11.506 [http-nio-8080-exec-1] INFO  o.s.w.s.DispatcherServlet - Completed initialization in 1 ms
2026-09-27 17:55:17.595 [SpringApplicationShutdownHook] INFO  o.s.b.t.GracefulShutdown - Commencing graceful shutdown. Waiting for active requests to complete
2026-09-27 17:55:17.604 [tomcat-shutdown] INFO  o.s.b.t.GracefulShutdown - Graceful shutdown complete
2026-09-27 17:55:17.611 [SpringApplicationShutdownHook] INFO  o.s.o.j.LocalContainerEntityManagerFactoryBean - Closing JPA EntityManagerFactory for persistence unit 'default'
2026-09-27 17:55:17.614 [SpringApplicationShutdownHook] INFO  c.z.h.HikariDataSource - HikariPool-1 - Shutdown initiated...
2026-09-27 17:55:17.617 [SpringApplicationShutdownHook] INFO  c.z.h.HikariDataSource - HikariPool-1 - Shutdown completed.
2026-09-27 17:55:31.142 [main] INFO  i.u.e.EaProjectApplication - Starting EaProjectApplication using Java 26.0.2 with PID 15133 (/home/lucoilbasso/Documenti/Unical/EnterPrise/untitled_ea_project/ea-project/target/classes started by lucoilbasso in /home/lucoilbasso/Documenti/Unical/EnterPrise/untitled_ea_project)
2026-09-27 17:55:31.145 [main] DEBUG i.u.e.EaProjectApplication - Running with Spring Boot v4.1.0, Spring v7.0.8
2026-09-27 17:55:31.146 [main] INFO  i.u.e.EaProjectApplication - No active profile set, falling back to 1 default profile: "default"
2026-09-27 17:55:31.655 [main] INFO  o.s.d.r.c.RepositoryConfigurationDelegate - Bootstrapping Spring Data JPA repositories in DEFAULT mode.
2026-09-27 17:55:31.774 [main] INFO  o.s.d.r.c.RepositoryConfigurationDelegate - Finished Spring Data repository scanning in 111 ms. Found 14 JPA repository interfaces.
2026-09-27 17:55:32.325 [main] INFO  o.s.b.t.TomcatWebServer - Tomcat initialized with port 8080 (http)
2026-09-27 17:55:32.338 [main] INFO  o.a.c.h.Http11NioProtocol - Initializing ProtocolHandler ["http-nio-8080"]
2026-09-27 17:55:32.339 [main] INFO  o.a.c.c.StandardService - Starting service [Tomcat]
2026-09-27 17:55:32.339 [main] INFO  o.a.c.c.StandardEngine - Starting Servlet engine: [Apache Tomcat/11.0.22]
2026-09-27 17:55:32.366 [main] INFO  o.s.b.w.c.s.WebApplicationContextInitializer - Root WebApplicationContext: initialization completed in 1190 ms
2026-09-27 17:55:32.545 [main] INFO  o.h.o.jpa - HHH008540: Processing PersistenceUnitInfo [name: default]
2026-09-27 17:55:32.583 [main] INFO  o.h.o.core - HHH000001: Hibernate ORM core version 7.4.1.Final
2026-09-27 17:55:32.936 [main] INFO  o.s.o.j.p.SpringPersistenceUnitInfo - No LoadTimeWeaver setup: ignoring JPA class transformer
2026-09-27 17:55:32.970 [main] INFO  c.z.h.HikariDataSource - HikariPool-1 - Starting...
2026-09-27 17:55:33.062 [main] INFO  c.z.h.p.HikariPool - HikariPool-1 - Added connection org.postgresql.jdbc.PgConnection@5c9e3d01
2026-09-27 17:55:33.063 [main] INFO  c.z.h.HikariDataSource - HikariPool-1 - Start completed.
2026-09-27 17:55:33.135 [main] INFO  o.h.o.c.pooling - HHH10001005: Database info:
	Database JDBC URL [jdbc:postgresql://localhost:5432/eaproject_db]
	Database driver: PostgreSQL JDBC Driver
	Database dialect: PostgreSQLDialect
	Database version: 18.6
	Default catalog/schema: eaproject_db/public
	Autocommit mode: undefined/unknown
	Isolation level: READ_COMMITTED [default READ_COMMITTED]
	JDBC fetch size: none
	Pool: DataSourceConnectionProvider
	Minimum pool size: undefined/unknown
	Maximum pool size: undefined/unknown
2026-09-27 17:55:33.985 [main] INFO  o.h.o.core - HHH000489: No JTA platform available (set 'hibernate.transaction.jta.platform' to enable JTA platform integration)
2026-09-27 17:55:34.029 [main] INFO  o.s.o.j.LocalContainerEntityManagerFactoryBean - Initialized JPA EntityManagerFactory for persistence unit 'default'
2026-09-27 17:55:34.085 [main] INFO  o.s.d.j.r.q.QueryEnhancerFactories - Hibernate is in classpath; If applicable, HQL parser will be used.
2026-09-27 17:55:35.471 [main] WARN  o.s.b.s.a.UserDetailsServiceAutoConfiguration - 

Using generated security password: eed87c88-976a-429b-9f62-345df05c3e06

This generated password is for development use only. Your security configuration must be updated before running your application in production.

2026-09-27 17:55:35.479 [main] INFO  o.s.s.c.a.a.c.InitializeUserDetailsBeanManagerConfigurer$InitializeUserDetailsManagerConfigurer - Global AuthenticationManager configured with UserDetailsService bean with name inMemoryUserDetailsManager
2026-09-27 17:55:35.793 [main] INFO  o.a.c.h.Http11NioProtocol - Starting ProtocolHandler ["http-nio-8080"]
2026-09-27 17:55:35.804 [main] INFO  o.s.b.t.TomcatWebServer - Tomcat started on port 8080 (http) with context path '/'
2026-09-27 17:55:35.808 [main] INFO  i.u.e.EaProjectApplication - Started EaProjectApplication in 4.883 seconds (process running for 5.468)
2026-09-27 17:55:36.579 [http-nio-8080-exec-1] INFO  o.a.c.c.C.[.[.[/] - Initializing Spring DispatcherServlet 'dispatcherServlet'
2026-09-27 17:55:36.579 [http-nio-8080-exec-1] INFO  o.s.w.s.DispatcherServlet - Initializing Servlet 'dispatcherServlet'
2026-09-27 17:55:36.580 [http-nio-8080-exec-1] INFO  o.s.w.s.DispatcherServlet - Completed initialization in 0 ms
2026-09-27 17:59:28.956 [SpringApplicationShutdownHook] INFO  o.s.b.t.GracefulShutdown - Commencing graceful shutdown. Waiting for active requests to complete
2026-09-27 17:59:28.963 [tomcat-shutdown] INFO  o.s.b.t.GracefulShutdown - Graceful shutdown complete
2026-09-27 17:59:28.968 [SpringApplicationShutdownHook] INFO  o.s.o.j.LocalContainerEntityManagerFactoryBean - Closing JPA EntityManagerFactory for persistence unit 'default'
2026-09-27 17:59:28.972 [SpringApplicationShutdownHook] INFO  c.z.h.HikariDataSource - HikariPool-1 - Shutdown initiated...
2026-09-27 17:59:28.974 [SpringApplicationShutdownHook] INFO  c.z.h.HikariDataSource - HikariPool-1 - Shutdown completed.
2026-09-28 15:03:58.936 [main] INFO  i.u.e.EaProjectApplication - Starting EaProjectApplication using Java 26.0.2 with PID 8252 (/home/lucoilbasso/Documenti/Unical/EnterPrise/untitled_ea_project/ea-project/target/classes started by lucoilbasso in /home/lucoilbasso/Documenti/Unical/EnterPrise/untitled_ea_project)
2026-09-28 15:03:58.939 [main] DEBUG i.u.e.EaProjectApplication - Running with Spring Boot v4.1.0, Spring v7.0.8
2026-09-28 15:03:58.939 [main] INFO  i.u.e.EaProjectApplication - No active profile set, falling back to 1 default profile: "default"
2026-09-28 15:03:59.332 [main] INFO  o.s.d.r.c.RepositoryConfigurationDelegate - Bootstrapping Spring Data JPA repositories in DEFAULT mode.
2026-09-28 15:03:59.377 [main] INFO  o.s.d.r.c.RepositoryConfigurationDelegate - Finished Spring Data repository scanning in 39 ms. Found 14 JPA repository interfaces.
2026-09-28 15:03:59.637 [main] INFO  o.s.b.t.TomcatWebServer - Tomcat initialized with port 8080 (http)
2026-09-28 15:03:59.645 [main] INFO  o.a.c.h.Http11NioProtocol - Initializing ProtocolHandler ["http-nio-8080"]
2026-09-28 15:03:59.646 [main] INFO  o.a.c.c.StandardService - Starting service [Tomcat]
2026-09-28 15:03:59.646 [main] INFO  o.a.c.c.StandardEngine - Starting Servlet engine: [Apache Tomcat/11.0.22]
2026-09-28 15:03:59.664 [main] INFO  o.s.b.w.c.s.WebApplicationContextInitializer - Root WebApplicationContext: initialization completed in 695 ms
2026-09-28 15:03:59.778 [main] INFO  o.h.o.jpa - HHH008540: Processing PersistenceUnitInfo [name: default]
2026-09-28 15:03:59.812 [main] INFO  o.h.o.core - HHH000001: Hibernate ORM core version 7.4.1.Final
2026-09-28 15:04:00.037 [main] INFO  o.s.o.j.p.SpringPersistenceUnitInfo - No LoadTimeWeaver setup: ignoring JPA class transformer
2026-09-28 15:04:00.055 [main] INFO  c.z.h.HikariDataSource - HikariPool-1 - Starting...
2026-09-28 15:04:00.095 [main] INFO  c.z.h.p.HikariPool - HikariPool-1 - Added connection org.postgresql.jdbc.PgConnection@7bb25046
2026-09-28 15:04:00.096 [main] INFO  c.z.h.HikariDataSource - HikariPool-1 - Start completed.
2026-09-28 15:04:00.136 [main] INFO  o.h.o.c.pooling - HHH10001005: Database info:
	Database JDBC URL [jdbc:postgresql://localhost:5432/eaproject_db]
	Database driver: PostgreSQL JDBC Driver
	Database dialect: PostgreSQLDialect
	Database version: 18.6
	Default catalog/schema: eaproject_db/public
	Autocommit mode: undefined/unknown
	Isolation level: READ_COMMITTED [default READ_COMMITTED]
	JDBC fetch size: none
	Pool: DataSourceConnectionProvider
	Minimum pool size: undefined/unknown
	Maximum pool size: undefined/unknown
2026-09-28 15:04:00.841 [main] INFO  o.h.o.core - HHH000489: No JTA platform available (set 'hibernate.transaction.jta.platform' to enable JTA platform integration)
2026-09-28 15:04:00.903 [main] INFO  o.s.o.j.LocalContainerEntityManagerFactoryBean - Initialized JPA EntityManagerFactory for persistence unit 'default'
2026-09-28 15:04:00.943 [main] INFO  o.s.d.j.r.q.QueryEnhancerFactories - Hibernate is in classpath; If applicable, HQL parser will be used.
2026-09-28 15:04:01.995 [main] WARN  o.s.b.s.a.UserDetailsServiceAutoConfiguration - 

Using generated security password: 9f8061c4-f5dc-40dd-881b-258c12ef7456

This generated password is for development use only. Your security configuration must be updated before running your application in production.

2026-09-28 15:04:02.000 [main] INFO  o.s.s.c.a.a.c.InitializeUserDetailsBeanManagerConfigurer$InitializeUserDetailsManagerConfigurer - Global AuthenticationManager configured with UserDetailsService bean with name inMemoryUserDetailsManager
2026-09-28 15:04:02.216 [main] INFO  o.a.c.h.Http11NioProtocol - Starting ProtocolHandler ["http-nio-8080"]
2026-09-28 15:04:02.228 [main] INFO  o.s.b.t.TomcatWebServer - Tomcat started on port 8080 (http) with context path '/'
2026-09-28 15:04:02.234 [main] INFO  i.u.e.EaProjectApplication - Started EaProjectApplication in 3.478 seconds (process running for 4.119)
2026-09-28 15:04:32.904 [SpringApplicationShutdownHook] INFO  o.s.b.t.GracefulShutdown - Commencing graceful shutdown. Waiting for active requests to complete
2026-09-28 15:04:32.908 [tomcat-shutdown] INFO  o.s.b.t.GracefulShutdown - Graceful shutdown complete
2026-09-28 15:04:32.914 [SpringApplicationShutdownHook] INFO  o.s.o.j.LocalContainerEntityManagerFactoryBean - Closing JPA EntityManagerFactory for persistence unit 'default'
2026-09-28 15:04:32.916 [SpringApplicationShutdownHook] INFO  c.z.h.HikariDataSource - HikariPool-1 - Shutdown initiated...
2026-09-28 15:04:32.918 [SpringApplicationShutdownHook] INFO  c.z.h.HikariDataSource - HikariPool-1 - Shutdown completed.
